// Jest Snapshot v1, https://goo.gl/fbAQLP

exports[`Detector Mode Selector should render correctly 1`] = `
.c0 {
  width: 95%;
}

<DetectorModeSelector
  detectorModes={Array []}
  onSelect={[MockFunction]}
>
  <div>
    <p>
      Detector mode
    </p>
    <MultiSelectField
      name="detectorModes"
      onChange={[Function]}
      value={Array []}
    >
      <styled.div
        className="control select is-multiple "
      >
        <StyledComponent
          className="control select is-multiple "
          forwardedComponent={
            Object {
              "$$typeof": Symbol(react.forward_ref),
              "attrs": Array [],
              "componentStyle": ComponentStyle {
                "componentId": "sc-bdVaJa",
                "isStatic": false,
                "lastClassName": "c0",
                "rules": Array [
                  "
  width: 95%;
",
                ],
              },
              "displayName": "styled.div",
              "foldedComponentIds": Array [],
              "render": [Function],
              "styledComponentId": "sc-bdVaJa",
              "target": "div",
              "toString": [Function],
              "usesTheme": false,
              "warnTooManyClasses": [Function],
              "withComponent": [Function],
            }
          }
          forwardedRef={null}
        >
          <div
            className="c0 control select is-multiple "
          >
            <select
              multiple={true}
              name="detectorModes"
              onChange={[Function]}
              size={6}
              style={
                Object {
                  "width": "216px",
                }
              }
              value={Array []}
            >
              <AllOption>
                <option
                  value="All"
                >
                  All
                </option>
              </AllOption>
              <option
                key="Drift Scan"
                value="Drift Scan"
              >
                Drift Scan
              </option>
              <option
                key="Frame Transfer"
                value="Frame Transfer"
              >
                Frame Transfer
              </option>
              <option
                key="Normal"
                value="Normal"
              >
                Normal
              </option>
              <option
                key="Shuffle"
                value="Shuffle"
              >
                Shuffle
              </option>
              <option
                key="Slot Mode"
                value="Slot Mode"
              >
                Slot Mode
              </option>
            </select>
          </div>
        </StyledComponent>
      </styled.div>
    </MultiSelectField>
  </div>
</DetectorModeSelector>
`;
