// Jest Snapshot v1, https://goo.gl/fbAQLP

exports[`FabryPerot should render correctly 1`] = `
.c0 {
  width: 95%;
}

<RssFabryPerotModeSelector
  fabryPerotModes={Array []}
  onSelect={[MockFunction]}
>
  <div>
    <p>
      Fabry perot
    </p>
    <MultiSelectField
      name="fabryPerotModes"
      onChange={[Function]}
      value={
        Array [
          "All",
        ]
      }
    >
      <styled.div
        className="control select is-multiple "
      >
        <div
          className="c0 control select is-multiple "
        >
          <select
            multiple={true}
            name="fabryPerotModes"
            onChange={[Function]}
            size={6}
            style={
              Object {
                "width": "216px",
              }
            }
            value={
              Array [
                "All",
              ]
            }
          >
            <AllOption>
              <option
                value="All"
              >
                All
              </option>
            </AllOption>
            <option
              key="High Resolution"
              value="High Resolution"
            >
              High Resolution
            </option>
            <option
              key="Low Resolution"
              value="Low Resolution"
            >
              Low Resolution
            </option>
            <option
              key="Medium Resolution"
              value="Medium Resolution"
            >
              Medium Resolution
            </option>
            <option
              key="Tunable Filter"
              value="Tunable Filter"
            >
              Tunable Filter
            </option>
          </select>
        </div>
      </styled.div>
    </MultiSelectField>
  </div>
</RssFabryPerotModeSelector>
`;
