// Jest Snapshot v1, https://goo.gl/fbAQLP

exports[`Hrs Mode should render correctly 1`] = `
.c0 {
  width: 95%;
}

<HrsMode
  hrsModes={Array []}
  onSelect={[MockFunction]}
>
  <div>
    <p>
      HRS mode
    </p>
    <MultiSelectField
      name="hrsMode"
      onChange={[Function]}
      value={Array []}
    >
      <styled.div
        className="control select is-multiple "
      >
        <div
          className="c0 control select is-multiple "
        >
          <select
            multiple={true}
            name="hrsMode"
            onChange={[Function]}
            size={6}
            style={
              Object {
                "width": "216px",
              }
            }
            value={Array []}
          >
            <AllOption>
              <option
                value="All"
              >
                All
              </option>
            </AllOption>
            <option
              key="High Resolution"
              value="High Resolution"
            >
              High Resolution
            </option>
            <option
              key="High Stability"
              value="High Stability"
            >
              High Stability
            </option>
            <option
              key="Int Cal Fibre"
              value="Int Cal Fibre"
            >
              Int Cal Fibre
            </option>
            <option
              key="Low Resolution"
              value="Low Resolution"
            >
              Low Resolution
            </option>
            <option
              key="Medium Resolution"
              value="Medium Resolution"
            >
              Medium Resolution
            </option>
          </select>
        </div>
      </styled.div>
    </MultiSelectField>
  </div>
</HrsMode>
`;
