// Jest Snapshot v1, https://goo.gl/fbAQLP

exports[`InstrumentsSelector should render correctly 1`] = `
.c0 {
  width: 95%;
}

<InstrumentSelector
  instruments={Array []}
  onSelect={[MockFunction]}
>
  <div>
    <p>
      Instruments 
    </p>
    <MultiSelectField
      name="instruments"
      onChange={[Function]}
      value={Array []}
    >
      <styled.div
        className="control select is-multiple "
      >
        <div
          className="c0 control select is-multiple "
        >
          <select
            multiple={true}
            name="instruments"
            onChange={[Function]}
            size={6}
            style={
              Object {
                "width": "216px",
              }
            }
            value={Array []}
          >
            <AllOption>
              <option
                value="All"
              >
                All
              </option>
            </AllOption>
            <option
              key="HRS"
              value="HRS"
            >
              HRS
            </option>
            <option
              key="RSS"
              value="RSS"
            >
              RSS
            </option>
            <option
              key="Salticam"
              value="Salticam"
            >
              Salticam
            </option>
          </select>
        </div>
      </styled.div>
    </MultiSelectField>
  </div>
</InstrumentSelector>
`;
