// Jest Snapshot v1, https://goo.gl/fbAQLP

exports[`Mode Selector should render correctly 1`] = `
.c0 {
  width: 95%;
}

<ModeSelector
  modes={Array []}
  onSelect={[MockFunction]}
>
  <div>
    <p>
      Mode
    </p>
    <MultiSelectField
      name="modes"
      onChange={[Function]}
      value={Array []}
    >
      <styled.div
        className="control select is-multiple "
      >
        <StyledComponent
          className="control select is-multiple "
          forwardedComponent={
            Object {
              "$$typeof": Symbol(react.forward_ref),
              "attrs": Array [],
              "componentStyle": ComponentStyle {
                "componentId": "sc-bdVaJa",
                "isStatic": true,
                "lastClassName": "c0",
                "rules": Array [
                  "
  width: 95%;
",
                ],
              },
              "displayName": "styled.div",
              "foldedComponentIds": Array [],
              "render": [Function],
              "styledComponentId": "sc-bdVaJa",
              "target": "div",
              "toString": [Function],
              "warnTooManyClasses": [Function],
              "withComponent": [Function],
            }
          }
          forwardedRef={null}
        >
          <div
            className="control select is-multiple  c0"
          >
            <select
              multiple={true}
              name="modes"
              onChange={[Function]}
              size={6}
              style={
                Object {
                  "width": "216px",
                }
              }
              value={Array []}
            >
              <AllOption>
                <option
                  value="All"
                >
                  All
                </option>
              </AllOption>
              <option
                key="Fabry Perot"
                value="Fabry Perot"
              >
                Fabry Perot
              </option>
              <option
                key="Imaging"
                value="Imaging"
              >
                Imaging
              </option>
              <option
                key="MOS"
                value="MOS"
              >
                MOS
              </option>
              <option
                key="Polarimetric imaging"
                value="Polarimetric imaging"
              >
                Polarimetric imaging
              </option>
              <option
                key="Spectropolarimetry"
                value="Spectropolarimetry"
              >
                Spectropolarimetry
              </option>
              <option
                key="Spectroscopy"
                value="Spectroscopy"
              >
                Spectroscopy
              </option>
              <option
                key="Streaming"
                value="Streaming"
              >
                Streaming
              </option>
            </select>
          </div>
        </StyledComponent>
      </styled.div>
    </MultiSelectField>
  </div>
</ModeSelector>
`;
