// Jest Snapshot v1, https://goo.gl/fbAQLP

exports[`RssGrating should render correctly 1`] = `
.c0 {
  width: 95%;
}

<RssGratingSelector
  onSelect={[MockFunction]}
  rssGratings={Array []}
>
  <div>
    <p>
      RSS grating
    </p>
    <MultiSelectField
      name="rssGratings"
      onChange={[Function]}
      value={Array []}
    >
      <styled.div
        className="control select is-multiple "
      >
        <div
          className="c0 control select is-multiple "
        >
          <select
            multiple={true}
            name="rssGratings"
            onChange={[Function]}
            size={6}
            style={
              Object {
                "width": "216px",
              }
            }
            value={Array []}
          >
            <AllOption>
              <option
                value="All"
              >
                All
              </option>
            </AllOption>
            <option
              key="Open"
              value="Open"
            >
              Open
            </option>
            <option
              key="pg0300"
              value="pg0300"
            >
              pg0300
            </option>
            <option
              key="pg0900"
              value="pg0900"
            >
              pg0900
            </option>
            <option
              key="pg1300"
              value="pg1300"
            >
              pg1300
            </option>
            <option
              key="pg1800"
              value="pg1800"
            >
              pg1800
            </option>
            <option
              key="pg2300"
              value="pg2300"
            >
              pg2300
            </option>
            <option
              key="pg3000"
              value="pg3000"
            >
              pg3000
            </option>
          </select>
        </div>
      </styled.div>
    </MultiSelectField>
  </div>
</RssGratingSelector>
`;
