// Jest Snapshot v1, https://goo.gl/fbAQLP

exports[`RssGrating should render correctly 1`] = `
.c0 {
  width: 95%;
}

<RssGratingSelector
  onSelect={[MockFunction]}
  rssGratings={Array []}
>
  <div>
    <p>
      RSS grating
    </p>
    <MultiSelectField
      name="rssGratings"
      onChange={[Function]}
      value={Array []}
    >
      <styled.div
        className="control select is-multiple "
      >
        <StyledComponent
          className="control select is-multiple "
          forwardedComponent={
            Object {
              "$$typeof": Symbol(react.forward_ref),
              "attrs": Array [],
              "componentStyle": ComponentStyle {
                "componentId": "sc-bdVaJa",
                "isStatic": true,
                "lastClassName": "c0",
                "rules": Array [
                  "
  width: 95%;
",
                ],
              },
              "displayName": "styled.div",
              "foldedComponentIds": Array [],
              "render": [Function],
              "styledComponentId": "sc-bdVaJa",
              "target": "div",
              "toString": [Function],
              "warnTooManyClasses": [Function],
              "withComponent": [Function],
            }
          }
          forwardedRef={null}
        >
          <div
            className="control select is-multiple  c0"
          >
            <select
              multiple={true}
              name="rssGratings"
              onChange={[Function]}
              size={6}
              style={
                Object {
                  "width": "216px",
                }
              }
              value={Array []}
            >
              <AllOption>
                <option
                  value="All"
                >
                  All
                </option>
              </AllOption>
              <option
                key="Open"
                value="Open"
              >
                Open
              </option>
              <option
                key="PG0300"
                value="PG0300"
              >
                PG0300
              </option>
              <option
                key="PG0900"
                value="PG0900"
              >
                PG0900
              </option>
              <option
                key="PG1300"
                value="PG1300"
              >
                PG1300
              </option>
              <option
                key="PG1800"
                value="PG1800"
              >
                PG1800
              </option>
              <option
                key="PG2300"
                value="PG2300"
              >
                PG2300
              </option>
              <option
                key="PG3000"
                value="PG3000"
              >
                PG3000
              </option>
            </select>
          </div>
        </StyledComponent>
      </styled.div>
    </MultiSelectField>
  </div>
</RssGratingSelector>
`;
