// Jest Snapshot v1, https://goo.gl/fbAQLP

exports[`TelescopeSelector  should render correctly 1`] = `
.c0 {
  width: 95%;
}

<TelescopeSelector
  onSelect={[MockFunction]}
  telescopes={Array []}
>
  <div>
    <p>
      Telescope
    </p>
    <MultiSelectField
      name="telescopes"
      onChange={[Function]}
      value={Array []}
    >
      <styled.div
        className="control select is-multiple "
      >
        <div
          className="c0 control select is-multiple "
        >
          <select
            multiple={true}
            name="telescopes"
            onChange={[Function]}
            size={6}
            style={
              Object {
                "width": "216px",
              }
            }
            value={Array []}
          >
            <AllOption>
              <option
                value="All"
              >
                All
              </option>
            </AllOption>
            <option
              key="SALT"
              value="SALT"
            >
              SALT
            </option>
          </select>
        </div>
      </styled.div>
    </MultiSelectField>
  </div>
</TelescopeSelector>
`;
