// Jest Snapshot v1, https://goo.gl/fbAQLP

exports[`Data Form should render correctly 1`] = `
<Fragment>
  <styled.div>
    <styled.div>
      <h5
        className="title is-5"
      >
        Data category
      </h5>
    </styled.div>
  </styled.div>
  <styled.div>
    <styled.div>
      <label>
        <styled.span>
          <styled.input
            checked={false}
            data-test="science-checkbox"
            id="science-checkbox"
            name="science"
            onChange={[Function]}
          />
        </styled.span>
        <styled.span>
          Science
        </styled.span>
      </label>
      <label>
        <styled.span>
          <styled.input
            checked={false}
            data-test="arcs-checkbox"
            id="arcs-checkbox"
            name="arc"
            onChange={[Function]}
          />
        </styled.span>
        <styled.span>
          Arcs
        </styled.span>
      </label>
      <label>
        <styled.span>
          <styled.input
            checked={false}
            data-test="biases-checkbox"
            id="biases-checkbox"
            name="bias"
            onChange={[Function]}
          />
        </styled.span>
        <styled.span>
          Biases
        </styled.span>
      </label>
      <label>
        <styled.span>
          <styled.input
            checked={false}
            data-test="flats-checkbox"
            id="flats-checkbox"
            name="flat"
            onChange={[Function]}
          />
        </styled.span>
        <styled.span>
          Flats
        </styled.span>
      </label>
      <label>
        <styled.span>
          <styled.input
            checked={false}
            data-test="standards-checkbox"
            id="standards-checkbox"
            name="standard"
            onChange={[Function]}
          />
        </styled.span>
        <styled.span>
          Standards
        </styled.span>
      </label>
    </styled.div>
  </styled.div>
  <styled.div>
    <styled.div>
      <h5
        className="title is-5"
      >
        Data status
      </h5>
    </styled.div>
  </styled.div>
  <styled.div>
    <styled.div>
      <label>
        <styled.span>
          <styled.input
            checked={false}
            data-test="rejected-checkbox"
            id="rejected-checkbox"
            name="rejected"
            onChange={[Function]}
          />
        </styled.span>
        <styled.span>
          Rejected
        </styled.span>
      </label>
    </styled.div>
  </styled.div>
</Fragment>
`;

exports[`Data Form should render correctly 2`] = `
<Fragment>
  <styled.div>
    <styled.div>
      <h5
        className="title is-5"
      >
        Data category
      </h5>
    </styled.div>
  </styled.div>
  <styled.div>
    <styled.div>
      <label>
        <styled.span>
          <styled.input
            checked={false}
            data-test="science-checkbox"
            id="science-checkbox"
            name="science"
            onChange={[Function]}
          />
        </styled.span>
        <styled.span>
          Science
        </styled.span>
      </label>
      <label>
        <styled.span>
          <styled.input
            checked={false}
            data-test="arcs-checkbox"
            id="arcs-checkbox"
            name="arc"
            onChange={[Function]}
          />
        </styled.span>
        <styled.span>
          Arcs
        </styled.span>
      </label>
      <label>
        <styled.span>
          <styled.input
            checked={false}
            data-test="biases-checkbox"
            id="biases-checkbox"
            name="bias"
            onChange={[Function]}
          />
        </styled.span>
        <styled.span>
          Biases
        </styled.span>
      </label>
      <label>
        <styled.span>
          <styled.input
            checked={false}
            data-test="flats-checkbox"
            id="flats-checkbox"
            name="flat"
            onChange={[Function]}
          />
        </styled.span>
        <styled.span>
          Flats
        </styled.span>
      </label>
      <label>
        <styled.span>
          <styled.input
            checked={false}
            data-test="standards-checkbox"
            id="standards-checkbox"
            name="standard"
            onChange={[Function]}
          />
        </styled.span>
        <styled.span>
          Standards
        </styled.span>
      </label>
    </styled.div>
  </styled.div>
  <styled.div>
    <styled.div>
      <h5
        className="title is-5"
      >
        Data status
      </h5>
    </styled.div>
  </styled.div>
  <styled.div>
    <styled.div>
      <label>
        <styled.span>
          <styled.input
            checked={false}
            data-test="rejected-checkbox"
            id="rejected-checkbox"
            name="rejected"
            onChange={[Function]}
          />
        </styled.span>
        <styled.span>
          Rejected
        </styled.span>
      </label>
    </styled.div>
  </styled.div>
</Fragment>
`;

exports[`Data Form should render correctly 3`] = `
<Fragment>
  <styled.div>
    <styled.div>
      <h5
        className="title is-5"
      >
        Data category
      </h5>
    </styled.div>
  </styled.div>
  <styled.div>
    <styled.div>
      <label>
        <styled.span>
          <styled.input
            checked={false}
            data-test="science-checkbox"
            id="science-checkbox"
            name="science"
            onChange={[Function]}
          />
        </styled.span>
        <styled.span>
          Science
        </styled.span>
      </label>
      <label>
        <styled.span>
          <styled.input
            checked={false}
            data-test="arcs-checkbox"
            id="arcs-checkbox"
            name="arc"
            onChange={[Function]}
          />
        </styled.span>
        <styled.span>
          Arcs
        </styled.span>
      </label>
      <label>
        <styled.span>
          <styled.input
            checked={false}
            data-test="biases-checkbox"
            id="biases-checkbox"
            name="bias"
            onChange={[Function]}
          />
        </styled.span>
        <styled.span>
          Biases
        </styled.span>
      </label>
      <label>
        <styled.span>
          <styled.input
            checked={false}
            data-test="flats-checkbox"
            id="flats-checkbox"
            name="flat"
            onChange={[Function]}
          />
        </styled.span>
        <styled.span>
          Flats
        </styled.span>
      </label>
      <label>
        <styled.span>
          <styled.input
            checked={false}
            data-test="standards-checkbox"
            id="standards-checkbox"
            name="standard"
            onChange={[Function]}
          />
        </styled.span>
        <styled.span>
          Standards
        </styled.span>
      </label>
    </styled.div>
  </styled.div>
  <styled.div>
    <styled.div>
      <h5
        className="title is-5"
      >
        Data status
      </h5>
    </styled.div>
  </styled.div>
  <styled.div>
    <styled.div>
      <label>
        <styled.span>
          <styled.input
            checked={false}
            data-test="rejected-checkbox"
            id="rejected-checkbox"
            name="rejected"
            onChange={[Function]}
          />
        </styled.span>
        <styled.span>
          Rejected
        </styled.span>
      </label>
    </styled.div>
  </styled.div>
</Fragment>
`;
