// Jest Snapshot v1, https://goo.gl/fbAQLP

exports[`DataRequestTable should render correctly 1`] = `
<MockedProvider
  addTypename={true}
>
  <ApolloProvider
    client={
      ApolloClient {
        "__operations_cache__": Map {},
        "cache": InMemoryCache {
          "addTypename": true,
          "cacheKeyRoot": KeyTrie {
            "weakness": true,
          },
          "config": Object {
            "addTypename": true,
            "dataIdFromObject": [Function],
            "fragmentMatcher": HeuristicFragmentMatcher {},
            "freezeResults": false,
            "resultCaching": true,
          },
          "data": DepTrackingCache {
            "data": Object {},
            "depend": [Function],
          },
          "maybeBroadcastWatch": [Function],
          "optimisticData": DepTrackingCache {
            "data": Object {},
            "depend": [Function],
          },
          "silenceBroadcast": false,
          "storeReader": StoreReader {
            "executeSelectionSet": [Function],
            "executeStoreQuery": [Function],
            "executeSubSelectedArray": [Function],
            "freezeResults": false,
          },
          "storeWriter": StoreWriter {},
          "typenameDocumentCache": Map {},
          "watches": Set {},
        },
        "clearStoreCallbacks": Array [],
        "defaultOptions": Object {},
        "disableNetworkFetches": false,
        "link": MockLink {
          "addTypename": true,
          "mockedResponsesByKey": Object {},
        },
        "localState": LocalState {
          "cache": InMemoryCache {
            "addTypename": true,
            "cacheKeyRoot": KeyTrie {
              "weakness": true,
            },
            "config": Object {
              "addTypename": true,
              "dataIdFromObject": [Function],
              "fragmentMatcher": HeuristicFragmentMatcher {},
              "freezeResults": false,
              "resultCaching": true,
            },
            "data": DepTrackingCache {
              "data": Object {},
              "depend": [Function],
            },
            "maybeBroadcastWatch": [Function],
            "optimisticData": DepTrackingCache {
              "data": Object {},
              "depend": [Function],
            },
            "silenceBroadcast": false,
            "storeReader": StoreReader {
              "executeSelectionSet": [Function],
              "executeStoreQuery": [Function],
              "executeSubSelectedArray": [Function],
              "freezeResults": false,
            },
            "storeWriter": StoreWriter {},
            "typenameDocumentCache": Map {},
            "watches": Set {},
          },
          "client": [Circular],
        },
        "mutate": [Function],
        "query": [Function],
        "queryDeduplication": true,
        "queryManager": QueryManager {
          "assumeImmutableResults": false,
          "clientAwareness": Object {
            "name": undefined,
            "version": undefined,
          },
          "dataStore": DataStore {
            "cache": InMemoryCache {
              "addTypename": true,
              "cacheKeyRoot": KeyTrie {
                "weakness": true,
              },
              "config": Object {
                "addTypename": true,
                "dataIdFromObject": [Function],
                "fragmentMatcher": HeuristicFragmentMatcher {},
                "freezeResults": false,
                "resultCaching": true,
              },
              "data": DepTrackingCache {
                "data": Object {},
                "depend": [Function],
              },
              "maybeBroadcastWatch": [Function],
              "optimisticData": DepTrackingCache {
                "data": Object {},
                "depend": [Function],
              },
              "silenceBroadcast": false,
              "storeReader": StoreReader {
                "executeSelectionSet": [Function],
                "executeStoreQuery": [Function],
                "executeSubSelectedArray": [Function],
                "freezeResults": false,
              },
              "storeWriter": StoreWriter {},
              "typenameDocumentCache": Map {},
              "watches": Set {},
            },
          },
          "fetchQueryRejectFns": Map {},
          "idCounter": 1,
          "inFlightLinkObservables": Map {},
          "link": MockLink {
            "addTypename": true,
            "mockedResponsesByKey": Object {},
          },
          "localState": LocalState {
            "cache": InMemoryCache {
              "addTypename": true,
              "cacheKeyRoot": KeyTrie {
                "weakness": true,
              },
              "config": Object {
                "addTypename": true,
                "dataIdFromObject": [Function],
                "fragmentMatcher": HeuristicFragmentMatcher {},
                "freezeResults": false,
                "resultCaching": true,
              },
              "data": DepTrackingCache {
                "data": Object {},
                "depend": [Function],
              },
              "maybeBroadcastWatch": [Function],
              "optimisticData": DepTrackingCache {
                "data": Object {},
                "depend": [Function],
              },
              "silenceBroadcast": false,
              "storeReader": StoreReader {
                "executeSelectionSet": [Function],
                "executeStoreQuery": [Function],
                "executeSubSelectedArray": [Function],
                "freezeResults": false,
              },
              "storeWriter": StoreWriter {},
              "typenameDocumentCache": Map {},
              "watches": Set {},
            },
            "client": [Circular],
          },
          "mutationStore": MutationStore {
            "store": Object {},
          },
          "onBroadcast": [Function],
          "pollingInfoByQueryId": Map {},
          "queries": Map {},
          "queryDeduplication": true,
          "queryStore": QueryStore {
            "store": Object {},
          },
          "ssrMode": false,
          "transformCache": WeakMap {},
        },
        "reFetchObservableQueries": [Function],
        "resetStore": [Function],
        "resetStoreCallbacks": Array [],
        "store": DataStore {
          "cache": InMemoryCache {
            "addTypename": true,
            "cacheKeyRoot": KeyTrie {
              "weakness": true,
            },
            "config": Object {
              "addTypename": true,
              "dataIdFromObject": [Function],
              "fragmentMatcher": HeuristicFragmentMatcher {},
              "freezeResults": false,
              "resultCaching": true,
            },
            "data": DepTrackingCache {
              "data": Object {},
              "depend": [Function],
            },
            "maybeBroadcastWatch": [Function],
            "optimisticData": DepTrackingCache {
              "data": Object {},
              "depend": [Function],
            },
            "silenceBroadcast": false,
            "storeReader": StoreReader {
              "executeSelectionSet": [Function],
              "executeStoreQuery": [Function],
              "executeSubSelectedArray": [Function],
              "freezeResults": false,
            },
            "storeWriter": StoreWriter {},
            "typenameDocumentCache": Map {},
            "watches": Set {},
          },
        },
        "typeDefs": undefined,
        "version": "2.6.10",
        "watchQuery": [Function],
      }
    }
  >
    <DataRequestTable
      dataRequest={
        Object {
          "calibrationLevels": Array [
            "raw",
          ],
          "calibrationTypes": Array [],
          "dataFiles": Array [
            Object {
              "id": "file-0",
              "name": "filename 0",
            },
            Object {
              "id": "file-1",
              "name": "filename 1",
            },
            Object {
              "id": "file-2",
              "name": "filename 2",
            },
          ],
          "id": "request-1",
          "madeAt": "2018-12-01 20:00",
          "status": "SUCCESSFUL",
          "uri": "http://demo/data-request/request-1",
        }
      }
    >
      <div
        className="table-container notification"
      >
        <styled.table>
          <table
            className="table is-striped is-narrowed is-hoverable is-fullwidth"
          >
            <thead>
              <tr>
                <th
                  colSpan={2}
                >
                  <p
                    style={
                      Object {
                        "display": "inline-block",
                      }
                    }
                  >
                    Requested 
                    on 1 Dec 2018 at 20:00
                  </p>
                </th>
                <th>
                  <p
                    style={
                      Object {
                        "textAlign": "right",
                      }
                    }
                  >
                    <button
                      className="button download-all is-small is-success is-rounded false"
                      disabled={false}
                      id="request-1"
                      onClick={[Function]}
                    >
                      <span>
                        Download 
                        <FontAwesomeIcon
                          border={false}
                          className=""
                          fixedWidth={false}
                          flip={null}
                          icon={
                            Object {
                              "icon": Array [
                                512,
                                512,
                                Array [],
                                "f019",
                                "M216 0h80c13.3 0 24 10.7 24 24v168h87.7c17.8 0 26.7 21.5 14.1 34.1L269.7 378.3c-7.5 7.5-19.8 7.5-27.3 0L90.1 226.1c-12.6-12.6-3.7-34.1 14.1-34.1H192V24c0-13.3 10.7-24 24-24zm296 376v112c0 13.3-10.7 24-24 24H24c-13.3 0-24-10.7-24-24V376c0-13.3 10.7-24 24-24h146.7l49 49c20.1 20.1 52.5 20.1 72.6 0l49-49H488c13.3 0 24 10.7 24 24zm-124 88c0-11-9-20-20-20s-20 9-20 20 9 20 20 20 20-9 20-20zm64 0c0-11-9-20-20-20s-20 9-20 20 9 20 20 20 20-9 20-20z",
                              ],
                              "iconName": "download",
                              "prefix": "fas",
                            }
                          }
                          inverse={false}
                          listItem={false}
                          mask={null}
                          pull={null}
                          pulse={false}
                          rotation={null}
                          size={null}
                          spin={false}
                          swapOpacity={false}
                          symbol={false}
                          title=""
                          transform={null}
                        >
                          <svg
                            aria-hidden="true"
                            className="svg-inline--fa fa-download fa-w-16 "
                            data-icon="download"
                            data-prefix="fas"
                            focusable="false"
                            role="img"
                            style={Object {}}
                            viewBox="0 0 512 512"
                            xmlns="http://www.w3.org/2000/svg"
                          >
                            <path
                              d="M216 0h80c13.3 0 24 10.7 24 24v168h87.7c17.8 0 26.7 21.5 14.1 34.1L269.7 378.3c-7.5 7.5-19.8 7.5-27.3 0L90.1 226.1c-12.6-12.6-3.7-34.1 14.1-34.1H192V24c0-13.3 10.7-24 24-24zm296 376v112c0 13.3-10.7 24-24 24H24c-13.3 0-24-10.7-24-24V376c0-13.3 10.7-24 24-24h146.7l49 49c20.1 20.1 52.5 20.1 72.6 0l49-49H488c13.3 0 24 10.7 24 24zm-124 88c0-11-9-20-20-20s-20 9-20 20 9 20 20 20 20-9 20-20zm64 0c0-11-9-20-20-20s-20 9-20 20 9 20 20 20 20-9 20-20z"
                              fill="currentColor"
                              style={Object {}}
                            />
                          </svg>
                        </FontAwesomeIcon>
                      </span>
                    </button>
                  </p>
                </th>
              </tr>
              <tr>
                <td
                  colSpan={3}
                >
                  <b>
                    Requested calibration levels:
                  </b>
                   
                  Raw
                </td>
              </tr>
              <tr>
                <td
                  colSpan={3}
                >
                  <b>
                    Requested calibration types:
                  </b>
                   
                  None
                </td>
              </tr>
              <tr>
                <th
                  colSpan={3}
                >
                  Files
                </th>
              </tr>
              <tr
                key="file-0"
              >
                <td
                  colSpan={3}
                >
                  filename 0
                </td>
              </tr>
              <tr
                key="file-1"
              >
                <td
                  colSpan={3}
                >
                  filename 1
                </td>
              </tr>
              <tr
                key="file-2"
              >
                <td
                  colSpan={3}
                >
                  filename 2
                </td>
              </tr>
            </thead>
            <tbody />
          </table>
        </styled.table>
      </div>
    </DataRequestTable>
  </ApolloProvider>
</MockedProvider>
`;
